// Jest Snapshot v1, https://goo.gl/fbAQLP

exports[`containers Home should render home page 1`] = `
<div>
  <div
    className="css-12yvtzk-HomePage"
  >
    Electron-Mobx-Boilerplate
  </div>
</div>
`;
